Archive member included because of file (symbol)

/usr/local/Cellar/gcc-arm-none-eabi-48/20131218/bin/../lib/gcc/arm-none-eabi/4.8.3/armv6-m/libgcc.a(_udivsi3.o)
                              build/obj/test.o (__aeabi_uidiv)
/usr/local/Cellar/gcc-arm-none-eabi-48/20131218/bin/../lib/gcc/arm-none-eabi/4.8.3/armv6-m/libgcc.a(_dvmd_tls.o)
                              /usr/local/Cellar/gcc-arm-none-eabi-48/20131218/bin/../lib/gcc/arm-none-eabi/4.8.3/armv6-m/libgcc.a(_udivsi3.o) (__aeabi_idiv0)
/usr/local/Cellar/gcc-arm-none-eabi-48/20131218/bin/../lib/gcc/arm-none-eabi/4.8.3/../../../../arm-none-eabi/lib/armv6-m/libc.a(lib_a-memset.o)
                              build/obj/syscalls.o (memset)
/usr/local/Cellar/gcc-arm-none-eabi-48/20131218/bin/../lib/gcc/arm-none-eabi/4.8.3/../../../../arm-none-eabi/lib/armv6-m/libc.a(lib_a-strcasecmp.o)
                              build/obj/shell.o (strcasecmp)
/usr/local/Cellar/gcc-arm-none-eabi-48/20131218/bin/../lib/gcc/arm-none-eabi/4.8.3/../../../../arm-none-eabi/lib/armv6-m/libc.a(lib_a-strpbrk.o)
                              build/obj/shell.o (strpbrk)
/usr/local/Cellar/gcc-arm-none-eabi-48/20131218/bin/../lib/gcc/arm-none-eabi/4.8.3/../../../../arm-none-eabi/lib/armv6-m/libc.a(lib_a-strspn.o)
                              build/obj/shell.o (strspn)
/usr/local/Cellar/gcc-arm-none-eabi-48/20131218/bin/../lib/gcc/arm-none-eabi/4.8.3/../../../../arm-none-eabi/lib/armv6-m/libc.a(lib_a-ctype_.o)
                              /usr/local/Cellar/gcc-arm-none-eabi-48/20131218/bin/../lib/gcc/arm-none-eabi/4.8.3/../../../../arm-none-eabi/lib/armv6-m/libc.a(lib_a-strcasecmp.o) (__ctype_ptr__)

Discarded input sections

 .text          0x0000000000000000        0x0 build/obj/crt0.o
 .data          0x0000000000000000        0x0 build/obj/crt0.o
 .bss           0x0000000000000000        0x0 build/obj/crt0.o
 .text.__early_init
                0x0000000000000000       0x10 build/obj/crt0.o
 .text          0x0000000000000000        0x0 build/obj/vectors.o
 .data          0x0000000000000000        0x0 build/obj/vectors.o
 .bss           0x0000000000000000        0x0 build/obj/vectors.o
 .text          0x0000000000000000        0x0 build/obj/chcore.o
 .data          0x0000000000000000        0x0 build/obj/chcore.o
 .bss           0x0000000000000000        0x0 build/obj/chcore.o
 .text          0x0000000000000000        0x0 build/obj/chcore_v6m.o
 .data          0x0000000000000000        0x0 build/obj/chcore_v6m.o
 .bss           0x0000000000000000        0x0 build/obj/chcore_v6m.o
 .text          0x0000000000000000        0x0 build/obj/nvic.o
 .data          0x0000000000000000        0x0 build/obj/nvic.o
 .bss           0x0000000000000000        0x0 build/obj/nvic.o
 .text.nvicDisableVector
                0x0000000000000000       0x40 build/obj/nvic.o
 .text          0x0000000000000000        0x0 build/obj/chsys.o
 .data          0x0000000000000000        0x0 build/obj/chsys.o
 .bss           0x0000000000000000        0x0 build/obj/chsys.o
 .text          0x0000000000000000        0x0 build/obj/chdebug.o
 .data          0x0000000000000000        0x0 build/obj/chdebug.o
 .bss           0x0000000000000000        0x0 build/obj/chdebug.o
 .text.dbg_check_disable
                0x0000000000000000       0x30 build/obj/chdebug.o
 .text.dbg_check_suspend
                0x0000000000000000       0x30 build/obj/chdebug.o
 .text.chDbgPanic
                0x0000000000000000       0x10 build/obj/chdebug.o
 .text          0x0000000000000000        0x0 build/obj/chlists.o
 .data          0x0000000000000000        0x0 build/obj/chlists.o
 .bss           0x0000000000000000        0x0 build/obj/chlists.o
 .debug_info    0x0000000000000000       0x79 build/obj/chlists.o
 .debug_abbrev  0x0000000000000000       0x26 build/obj/chlists.o
 .debug_aranges
                0x0000000000000000       0x18 build/obj/chlists.o
 .debug_line    0x0000000000000000       0x1d build/obj/chlists.o
 .debug_str     0x0000000000000000      0x1cb build/obj/chlists.o
 .comment       0x0000000000000000       0x71 build/obj/chlists.o
 .ARM.attributes
                0x0000000000000000       0x31 build/obj/chlists.o
 .text          0x0000000000000000        0x0 build/obj/chvt.o
 .data          0x0000000000000000        0x0 build/obj/chvt.o
 .bss           0x0000000000000000        0x0 build/obj/chvt.o
 .text          0x0000000000000000        0x0 build/obj/chschd.o
 .data          0x0000000000000000        0x0 build/obj/chschd.o
 .bss           0x0000000000000000        0x0 build/obj/chschd.o
 .text.chSchRescheduleS
                0x0000000000000000       0x20 build/obj/chschd.o
 .text          0x0000000000000000        0x0 build/obj/chthreads.o
 .data          0x0000000000000000        0x0 build/obj/chthreads.o
 .bss           0x0000000000000000        0x0 build/obj/chthreads.o
 .text.chThdSetPriority
                0x0000000000000000       0x30 build/obj/chthreads.o
 .text.chThdResume
[...]
Memory Configuration

Name             Origin             Length             Attributes
flash            0x0000000008000000 0x0000000000010000
ram              0x0000000020000000 0x0000000000002000
*default*        0x0000000000000000 0xffffffffffffffff

Linker script and memory map

LOAD build/obj/crt0.o
LOAD build/obj/vectors.o
LOAD build/obj/chcore.o
LOAD build/obj/chcore_v6m.o
LOAD build/obj/nvic.o
LOAD build/obj/chsys.o
LOAD build/obj/chdebug.o
LOAD build/obj/chlists.o
LOAD build/obj/chvt.o
LOAD build/obj/chschd.o
LOAD build/obj/chthreads.o
LOAD build/obj/chdynamic.o
LOAD build/obj/chregistry.o
LOAD build/obj/chsem.o
LOAD build/obj/chmtx.o
LOAD build/obj/chcond.o
LOAD build/obj/chevents.o
LOAD build/obj/chmsg.o
LOAD build/obj/chmboxes.o
LOAD build/obj/chqueues.o
LOAD build/obj/chmemcore.o
LOAD build/obj/chheap.o
LOAD build/obj/chmempools.o
LOAD build/obj/test.o
LOAD build/obj/testthd.o
LOAD build/obj/testsem.o
LOAD build/obj/testmtx.o
LOAD build/obj/testmsg.o
LOAD build/obj/testmbox.o
LOAD build/obj/testevt.o
LOAD build/obj/testheap.o
LOAD build/obj/testpools.o
LOAD build/obj/testdyn.o
LOAD build/obj/testqueues.o
LOAD build/obj/testbmk.o
LOAD build/obj/hal.o
LOAD build/obj/adc.o
LOAD build/obj/can.o
LOAD build/obj/dac.o
LOAD build/obj/ext.o
LOAD build/obj/gpt.o
LOAD build/obj/i2c.o
LOAD build/obj/icu.o
LOAD build/obj/mac.o
LOAD build/obj/mmc_spi.o
LOAD build/obj/mmcsd.o
LOAD build/obj/pal.o
LOAD build/obj/pwm.o
LOAD build/obj/rtc.o
LOAD build/obj/sdc.o
LOAD build/obj/serial.o
LOAD build/obj/serial_usb.o
LOAD build/obj/spi.o
LOAD build/obj/tm.o
LOAD build/obj/uart.o
LOAD build/obj/usb.o
LOAD build/obj/stm32_dma.o
LOAD build/obj/hal_lld.o
LOAD build/obj/adc_lld.o
LOAD build/obj/ext_lld_isr.o
LOAD build/obj/ext_lld.o
LOAD build/obj/pal_lld.o
LOAD build/obj/i2c_lld.o
LOAD build/obj/rtc_lld.o
LOAD build/obj/spi_lld.o
LOAD build/obj/gpt_lld.o
LOAD build/obj/icu_lld.o
LOAD build/obj/pwm_lld.o
LOAD build/obj/serial_lld.o
LOAD build/obj/uart_lld.o
LOAD build/obj/board.o
LOAD build/obj/evtimer.o
LOAD build/obj/syscalls.o
LOAD build/obj/shell.o
LOAD build/obj/chprintf.o
LOAD build/obj/cmdadc.o
LOAD build/obj/cmd.o
LOAD build/obj/main.o
START GROUP
LOAD /usr/local/Cellar/gcc-arm-none-eabi-48/20131218/bin/../lib/gcc/arm-none-eabi/4.8.3/armv6-m/libgcc.a
LOAD /usr/local/Cellar/gcc-arm-none-eabi-48/20131218/bin/../lib/gcc/arm-none-eabi/4.8.3/../../../../arm-none-eabi/lib/armv6-m/libc.a
END GROUP
                0x0000000000000400                __main_stack_size__ = 0x400
                0x0000000000000400                __process_stack_size__ = 0x400
                0x0000000020000000                __ram_start__ = ORIGIN (ram)
                0x0000000000002000                __ram_size__ = 0x2000
                0x0000000020002000                __ram_end__ = (__ram_start__ + __ram_size__)
                0x0000000000000000                . = 0x0
                0x0000000000000000                _text = .

startup         0x0000000008000000       0xc0
 *(vectors)
 vectors        0x0000000008000000       0xc0 build/obj/vectors.o
                0x0000000008000000                _vectors

constructors    0x00000000080000c0        0x0
                0x00000000080000c0                PROVIDE (__init_array_start, .)
 *(SORT(.init_array.*))
 *(.init_array)
                0x00000000080000c0                PROVIDE (__init_array_end, .)

destructors     0x00000000080000c0        0x0
                0x00000000080000c0                PROVIDE (__fini_array_start, .)
 *(.fini_array)
 *(SORT(.fini_array.*))
                0x00000000080000c0                PROVIDE (__fini_array_end, .)

.text           0x00000000080000c0     0x2d94
 *(.text.startup.*)
 .text.startup.main
                0x00000000080000c0       0xb0 build/obj/main.o
                0x00000000080000c0                main
 *(.text)
 .text          0x0000000008000170       0x9c /usr/local/Cellar/gcc-arm-none-eabi-48/20131218/bin/../lib/gcc/arm-none-eabi/4.8.3/armv6-m/libgcc.a(_udivsi3.o)
                0x0000000008000170                __udivsi3
                0x0000000008000170                __aeabi_uidiv
                0x00000000080001f8                __aeabi_uidivmod
 *fill*         0x000000000800020c        0x4 
 .text          0x0000000008000210        0x4 /usr/local/Cellar/gcc-arm-none-eabi-48/20131218/bin/../lib/gcc/arm-none-eabi/4.8.3/armv6-m/libgcc.a(_dvmd_tls.o)
                0x0000000008000210                __aeabi_ldiv0
                0x0000000008000210                __aeabi_idiv0
 *(.text.*)
 *fill*         0x0000000008000214        0xc 
 .text.__late_init
                0x0000000008000220       0x10 build/obj/crt0.o
                0x0000000008000220                __late_init
 .text._default_exit
                0x0000000008000230       0x10 build/obj/crt0.o
                0x0000000008000230                _default_exit
 .text.ResetHandler
                0x0000000008000240      0x110 build/obj/crt0.o
                0x0000000008000240                ResetHandler
 .text._unhandled_exception
                0x0000000008000350       0x10 build/obj/vectors.o
                0x0000000008000350                Vector20
                0x0000000008000350                Vector9C
                0x0000000008000350                Vector5C
                0x0000000008000350                Vector8C
                0x0000000008000350                Vector94
                0x0000000008000350                VectorA8
                0x0000000008000350                VectorB4
                0x0000000008000350                Vector74
                0x0000000008000350                UsageFaultVector
                0x0000000008000350                DebugMonitorVector
                0x0000000008000350                Vector40
                0x0000000008000350                VectorBC
                0x0000000008000350                PendSVVector
                0x0000000008000350                Vector54
                0x0000000008000350                Vector98
                0x0000000008000350                Vector24
                0x0000000008000350                Vector84
                0x0000000008000350                BusFaultVector
                0x0000000008000350                SVCallVector
                0x0000000008000350                HardFaultVector
                0x0000000008000350                MemManageVector
                0x0000000008000350                VectorA0
                0x0000000008000350                Vector7C
                0x0000000008000350                VectorB0
                0x0000000008000350                Vector90
                0x0000000008000350                Vector60
                0x0000000008000350                Vector1C
                0x0000000008000350                Vector48
                0x0000000008000350                Vector4C
                0x0000000008000350                Vector80
                0x0000000008000350                Vector78
                0x0000000008000350                _unhandled_exception
                0x0000000008000350                Vector88
                0x0000000008000350                Vector50
                0x0000000008000350                Vector44
                0x0000000008000350                Vector28
                0x0000000008000350                VectorB8
                0x0000000008000350                Vector34
                0x0000000008000350                VectorA4
                0x0000000008000350                Vector58
 .text.port_halt
                0x0000000008000360       0x10 build/obj/chcore.o
                0x0000000008000360                port_halt
 .text._port_switch_from_isr
                0x0000000008000370       0x20 build/obj/chcore_v6m.o
                0x0000000008000370                _port_switch_from_isr
 .text.NMIVector
                0x0000000008000390       0x10 build/obj/chcore_v6m.o
                0x0000000008000390                NMIVector
 .text._port_irq_epilogue
                0x00000000080003a0       0x60 build/obj/chcore_v6m.o
                0x00000000080003a0                _port_irq_epilogue
 .text.SysTickVector
                0x0000000008000400       0x30 build/obj/chcore_v6m.o
                0x0000000008000400                SysTickVector
 .text._port_switch
                0x0000000008000430       0x20 build/obj/chcore_v6m.o
                0x0000000008000430                _port_switch
 .text._port_thread_start
                0x0000000008000450       0x20 build/obj/chcore_v6m.o
                0x0000000008000450                _port_thread_start
 .text.nvicEnableVector
                0x0000000008000470       0x50 build/obj/nvic.o
                0x0000000008000470                nvicEnableVector
 .text.nvicSetSystemHandlerPriority
                0x00000000080004c0       0x30 build/obj/nvic.o
                0x00000000080004c0                nvicSetSystemHandlerPriority
 .text._idle_thread
                0x00000000080004f0       0x20 build/obj/chsys.o
                0x00000000080004f0                _idle_thread
 .text.chSysInit
                0x0000000008000510       0x80 build/obj/chsys.o
                0x0000000008000510                chSysInit
 .text.chSysTimerHandlerI
                0x0000000008000590       0x70 build/obj/chsys.o
                0x0000000008000590                chSysTimerHandlerI
 .text.dbg_check_enable
                0x0000000008000600       0x30 build/obj/chdebug.o
                0x0000000008000600                dbg_check_enable
 .text.dbg_check_lock
                0x0000000008000630       0x40 build/obj/chdebug.o
                0x0000000008000630                dbg_check_lock
 .text.dbg_check_unlock
                0x0000000008000670       0x40 build/obj/chdebug.o
                0x0000000008000670                dbg_check_unlock
 .text.dbg_check_lock_from_isr
                0x00000000080006b0       0x40 build/obj/chdebug.o
                0x00000000080006b0                dbg_check_lock_from_isr
 .text.dbg_check_unlock_from_isr
                0x00000000080006f0       0x40 build/obj/chdebug.o
                0x00000000080006f0                dbg_check_unlock_from_isr
 .text.dbg_check_enter_isr
                0x0000000008000730       0x40 build/obj/chdebug.o
                0x0000000008000730                dbg_check_enter_isr
 .text.dbg_check_leave_isr
                0x0000000008000770       0x40 build/obj/chdebug.o
                0x0000000008000770                dbg_check_leave_isr
 .text.chDbgCheckClassI
                0x00000000080007b0       0x30 build/obj/chdebug.o
                0x00000000080007b0                chDbgCheckClassI
 .text.chDbgCheckClassS
                0x00000000080007e0       0x30 build/obj/chdebug.o
                0x00000000080007e0                chDbgCheckClassS
 .text._vt_init
                0x0000000008000810       0x20 build/obj/chvt.o
                0x0000000008000810                _vt_init
 .text.chVTSetI
                0x0000000008000830       0x50 build/obj/chvt.o
                0x0000000008000830                chVTSetI
 .text.chVTResetI
                0x0000000008000880       0x30 build/obj/chvt.o
                0x0000000008000880                chVTResetI
 .text._scheduler_init
                0x00000000080008b0       0x20 build/obj/chschd.o
                0x00000000080008b0                _scheduler_init
 .text.chSchReadyI
                0x00000000080008d0       0x30 build/obj/chschd.o
                0x00000000080008d0                chSchReadyI
 .text.wakeup   0x0000000008000900       0x60 build/obj/chschd.o
 .text.chSchGoSleepS
                0x0000000008000960       0x30 build/obj/chschd.o
                0x0000000008000960                chSchGoSleepS
 .text.chSchGoSleepTimeoutS
                0x0000000008000990       0x50 build/obj/chschd.o
                0x0000000008000990                chSchGoSleepTimeoutS
 .text.chSchWakeupS
                0x00000000080009e0       0x40 build/obj/chschd.o
                0x00000000080009e0                chSchWakeupS
 .text.chSchDoRescheduleBehind
                0x0000000008000a20       0x30 build/obj/chschd.o
                0x0000000008000a20                chSchDoRescheduleBehind
 .text.chSchDoRescheduleAhead
                0x0000000008000a50       0x40 build/obj/chschd.o
                0x0000000008000a50                chSchDoRescheduleAhead
 .text.chSchDoReschedule
                0x0000000008000a90       0x20 build/obj/chschd.o
                0x0000000008000a90                chSchDoReschedule
 .text._thread_init
                0x0000000008000ab0       0x40 build/obj/chthreads.o
                0x0000000008000ab0                _thread_init
 .text.chThdCreateI
                0x0000000008000af0       0x60 build/obj/chthreads.o
                0x0000000008000af0                chThdCreateI
 .text.chThdCreateStatic
                0x0000000008000b50       0x40 build/obj/chthreads.o
                0x0000000008000b50                chThdCreateStatic
 .text.chThdSleep
                0x0000000008000b90       0x20 build/obj/chthreads.o
                0x0000000008000b90                chThdSleep
 .text.chThdExitS
                0x0000000008000bb0       0x40 build/obj/chthreads.o
                0x0000000008000bb0                chThdExitS
 .text.chThdExit
                0x0000000008000bf0       0x20 build/obj/chthreads.o
                0x0000000008000bf0                chThdExit
 .text.chThdRelease
                0x0000000008000c10       0x60 build/obj/chdynamic.o
                0x0000000008000c10                chThdRelease
 .text.chThdCreateFromHeap
                0x0000000008000c70       0x50 build/obj/chdynamic.o
                0x0000000008000c70                chThdCreateFromHeap
 .text.chMtxInit
                0x0000000008000cc0       0x10 build/obj/chmtx.o
                0x0000000008000cc0                chMtxInit
 .text.chMtxLockS
                0x0000000008000cd0       0xd0 build/obj/chmtx.o
                0x0000000008000cd0                chMtxLockS
 .text.chMtxLock
                0x0000000008000da0       0x20 build/obj/chmtx.o
                0x0000000008000da0                chMtxLock
 .text.chMtxUnlock
                0x0000000008000dc0       0x60 build/obj/chmtx.o
                0x0000000008000dc0                chMtxUnlock
 .text.chEvtSignalI
                0x0000000008000e20       0x50 build/obj/chevents.o
                0x0000000008000e20                chEvtSignalI
 .text.chEvtBroadcastFlagsI
                0x0000000008000e70       0x30 build/obj/chevents.o
                0x0000000008000e70                chEvtBroadcastFlagsI
 .text.qwait    0x0000000008000ea0       0x30 build/obj/chqueues.o
 .text.chIQInit
                0x0000000008000ed0       0x20 build/obj/chqueues.o
                0x0000000008000ed0                chIQInit
 .text.chIQPutI
                0x0000000008000ef0       0x60 build/obj/chqueues.o
                0x0000000008000ef0                chIQPutI
 .text.chIQGetTimeout
                0x0000000008000f50       0x50 build/obj/chqueues.o
                0x0000000008000f50                chIQGetTimeout
 .text.chIQReadTimeout
                0x0000000008000fa0       0x80 build/obj/chqueues.o
                0x0000000008000fa0                chIQReadTimeout
 .text.chOQInit
                0x0000000008001020       0x20 build/obj/chqueues.o
                0x0000000008001020                chOQInit
 .text.chOQPutTimeout
                0x0000000008001040       0x60 build/obj/chqueues.o
                0x0000000008001040                chOQPutTimeout
 .text.chOQGetI
                0x00000000080010a0       0x50 build/obj/chqueues.o
                0x00000000080010a0                chOQGetI
 .text.chOQWriteTimeout
                0x00000000080010f0       0x90 build/obj/chqueues.o
                0x00000000080010f0                chOQWriteTimeout
 .text._core_init
                0x0000000008001180       0x30 build/obj/chmemcore.o
                0x0000000008001180                _core_init
 .text.chCoreAllocI
                0x00000000080011b0       0x30 build/obj/chmemcore.o
                0x00000000080011b0                chCoreAllocI
 .text.chCoreAlloc
                0x00000000080011e0       0x20 build/obj/chmemcore.o
                0x00000000080011e0                chCoreAlloc
 .text._heap_init
                0x0000000008001200       0x20 build/obj/chheap.o
                0x0000000008001200                _heap_init
 .text.chHeapAlloc
                0x0000000008001220       0x80 build/obj/chheap.o
                0x0000000008001220                chHeapAlloc
 .text.chHeapFree
                0x00000000080012a0       0x80 build/obj/chheap.o
                0x00000000080012a0                chHeapFree
 .text.chPoolFree
                0x0000000008001320       0x20 build/obj/chmempools.o
                0x0000000008001320                chPoolFree
 .text.halInit  0x0000000008001340       0x20 build/obj/hal.o
                0x0000000008001340                halInit
 .text.adcInit  0x0000000008001360       0x10 build/obj/adc.o
                0x0000000008001360                adcInit
 .text.adcObjectInit
                0x0000000008001370       0x20 build/obj/adc.o
                0x0000000008001370                adcObjectInit
 .text.adcStart
                0x0000000008001390       0x20 build/obj/adc.o
                0x0000000008001390                adcStart
 .text.adcStartConversion
                0x00000000080013b0       0x30 build/obj/adc.o
                0x00000000080013b0                adcStartConversion
 .text.readt    0x00000000080013e0       0x10 build/obj/serial.o
 .text.read     0x00000000080013f0       0x10 build/obj/serial.o
 .text.writet   0x0000000008001400       0x10 build/obj/serial.o
 .text.write    0x0000000008001410       0x10 build/obj/serial.o
 .text.gett     0x0000000008001420       0x10 build/obj/serial.o
 .text.get      0x0000000008001430       0x10 build/obj/serial.o
 .text.putt     0x0000000008001440       0x10 build/obj/serial.o
 .text.put      0x0000000008001450       0x10 build/obj/serial.o
 .text.sdInit   0x0000000008001460       0x10 build/obj/serial.o
                0x0000000008001460                sdInit
 .text.sdObjectInit
                0x0000000008001470       0x40 build/obj/serial.o
                0x0000000008001470                sdObjectInit
 .text.sdStart  0x00000000080014b0       0x20 build/obj/serial.o
                0x00000000080014b0                sdStart
 .text.sdIncomingDataI
                0x00000000080014d0       0x40 build/obj/serial.o
                0x00000000080014d0                sdIncomingDataI
 .text.Vector64
                0x0000000008001510       0x40 build/obj/stm32_dma.o
                0x0000000008001510                Vector64
 .text.Vector68
                0x0000000008001550       0x50 build/obj/stm32_dma.o
                0x0000000008001550                Vector68
 .text.Vector6C
                0x00000000080015a0       0x50 build/obj/stm32_dma.o
                0x00000000080015a0                Vector6C
 .text.dmaInit  0x00000000080015f0       0x50 build/obj/stm32_dma.o
                0x00000000080015f0                dmaInit
 .text.dmaStreamAllocate
                0x0000000008001640       0x80 build/obj/stm32_dma.o
                0x0000000008001640                dmaStreamAllocate
 .text.hal_lld_init
                0x00000000080016c0       0x90 build/obj/hal_lld.o
                0x00000000080016c0                hal_lld_init
 .text.stm32_clock_init
                0x0000000008001750       0x90 build/obj/hal_lld.o
                0x0000000008001750                stm32_clock_init
 .text.adc_lld_init
                0x00000000080017e0       0x70 build/obj/adc_lld.o
                0x00000000080017e0                adc_lld_init
 .text.adc_lld_start
                0x0000000008001850       0x60 build/obj/adc_lld.o
                0x0000000008001850                adc_lld_start
 .text.adc_lld_start_conversion
                0x00000000080018b0       0x60 build/obj/adc_lld.o
                0x00000000080018b0                adc_lld_start_conversion
 .text.adc_lld_stop_conversion
                0x0000000008001910       0x40 build/obj/adc_lld.o
                0x0000000008001910                adc_lld_stop_conversion
 .text.Vector70
                0x0000000008001950       0xe0 build/obj/adc_lld.o
                0x0000000008001950                Vector70
 .text.adc_lld_serve_rx_interrupt
                0x0000000008001a30       0xf0 build/obj/adc_lld.o
 .text._pal_lld_init
                0x0000000008001b20       0xc0 build/obj/pal_lld.o
                0x0000000008001b20                _pal_lld_init
 .text._pal_lld_setgroupmode
                0x0000000008001be0       0xd0 build/obj/pal_lld.o
                0x0000000008001be0                _pal_lld_setgroupmode
 .text.notify1  0x0000000008001cb0       0x10 build/obj/serial_lld.o
 .text.VectorAC
                0x0000000008001cc0      0x110 build/obj/serial_lld.o
                0x0000000008001cc0                VectorAC
 .text.sd_lld_init
                0x0000000008001dd0       0x30 build/obj/serial_lld.o
                0x0000000008001dd0                sd_lld_init
 .text.sd_lld_start
                0x0000000008001e00       0x70 build/obj/serial_lld.o
                0x0000000008001e00                sd_lld_start
 .text.__early_init
                0x0000000008001e70       0x10 build/obj/board.o
                0x0000000008001e70                __early_init
 .text.boardInit
                0x0000000008001e80       0x10 build/obj/board.o
                0x0000000008001e80                boardInit
 .text.chprintf
                0x0000000008001e90       0x20 build/obj/shell.o
 .text.cmd_systime
                0x0000000008001eb0       0x30 build/obj/shell.o
 .text.cmd_info
                0x0000000008001ee0       0xc0 build/obj/shell.o
 .text._strtok.constprop.2
                0x0000000008001fa0       0x50 build/obj/shell.o
 .text.shellInit
                0x0000000008001ff0       0x10 build/obj/shell.o
                0x0000000008001ff0                shellInit
 .text.shellExit
                0x0000000008002000       0x20 build/obj/shell.o
                0x0000000008002000                shellExit
 .text.shellCreate
                0x0000000008002020       0x20 build/obj/shell.o
                0x0000000008002020                shellCreate
 .text.shellGetLine
                0x0000000008002040       0xb0 build/obj/shell.o
                0x0000000008002040                shellGetLine
 .text.shell_thread
                0x00000000080020f0      0x1e0 build/obj/shell.o
 .text.long_to_string_with_divisor.constprop.0
                0x00000000080022d0       0x70 build/obj/chprintf.o
 .text.chvprintf
                0x0000000008002340      0x270 build/obj/chprintf.o
                0x0000000008002340                chvprintf
 .text.chprintf.constprop.0
                0x00000000080025b0       0x20 build/obj/cmdadc.o
 .text.adcErrorCallBack
                0x00000000080025d0       0x20 build/obj/cmdadc.o
                0x00000000080025d0                adcErrorCallBack
 .text.adcConversionThread
                0x00000000080025f0       0x60 build/obj/cmdadc.o
                0x00000000080025f0                adcConversionThread
 .text.cmdGetTemp
                0x0000000008002650       0x30 build/obj/cmd.o
                0x0000000008002650                cmdGetTemp
 .text.Thread2  0x0000000008002680       0x30 build/obj/main.o
 .text.Thread1  0x00000000080026b0       0x40 build/obj/main.o
 .text.strcasecmp
                0x00000000080026f0       0x4c /usr/local/Cellar/gcc-arm-none-eabi-48/20131218/bin/../lib/gcc/arm-none-eabi/4.8.3/../../../../arm-none-eabi/lib/armv6-m/libc.a(lib_a-strcasecmp.o)
                0x00000000080026f0                strcasecmp
 *fill*         0x000000000800273c        0x4 
 .text.strpbrk  0x0000000008002740       0x54 /usr/local/Cellar/gcc-arm-none-eabi-48/20131218/bin/../lib/gcc/arm-none-eabi/4.8.3/../../../../arm-none-eabi/lib/armv6-m/libc.a(lib_a-strpbrk.o)
                0x0000000008002740                strpbrk
 *fill*         0x0000000008002794        0xc 
 .text.strspn   0x00000000080027a0       0x38 /usr/local/Cellar/gcc-arm-none-eabi-48/20131218/bin/../lib/gcc/arm-none-eabi/4.8.3/../../../../arm-none-eabi/lib/armv6-m/libc.a(lib_a-strspn.o)
                0x00000000080027a0                strspn
 *(.rodata)
 *(.rodata.*)
 *fill*         0x00000000080027d8        0x8 
 .rodata.str1.4
                0x00000000080027e0        0x5 build/obj/chsys.o
                                          0x8 (size before relaxing)
 *fill*         0x00000000080027e5        0xb 
 .rodata.str1.4
                0x00000000080027f0       0x56 build/obj/chdebug.o
                                         0x58 (size before relaxing)
 *fill*         0x0000000008002846        0xa 
 .rodata.ch_debug
                0x0000000008002850       0x18 build/obj/chregistry.o
                0x0000000008002850                ch_debug
 *fill*         0x0000000008002868        0x8 
 .rodata.vmt    0x0000000008002870       0x20 build/obj/serial.o
 .rodata._stm32_dma_streams
                0x0000000008002890       0x3c build/obj/stm32_dma.o
                0x0000000008002890                _stm32_dma_streams
 *fill*         0x00000000080028cc        0x4 
 .rodata.default_config
                0x00000000080028d0       0x10 build/obj/serial_lld.o
 .rodata.pal_default_config
                0x00000000080028e0       0x8c build/obj/board.o
                0x00000000080028e0                pal_default_config
 *fill*         0x000000000800296c        0x4 
 .rodata.str1.4
                0x0000000008002970      0x241 build/obj/shell.o
                                        0x248 (size before relaxing)
 *fill*         0x0000000008002bb1        0xf 
 .rodata.chvprintf
                0x0000000008002bc0       0xd4 build/obj/chprintf.o
 *fill*         0x0000000008002c94        0xc 
 .rodata.str1.4
                0x0000000008002ca0        0x7 build/obj/chprintf.o
                                          0x8 (size before relaxing)
 *fill*         0x0000000008002ca7        0x9 
 .rodata.str1.4
                0x0000000008002cb0       0x35 build/obj/cmdadc.o
                                         0x38 (size before relaxing)
 *fill*         0x0000000008002ce5        0xb 
 .rodata.adcgrpcfg1
                0x0000000008002cf0       0x1c build/obj/cmdadc.o
 *fill*         0x0000000008002d0c        0x4 
 .rodata.shCmds
                0x0000000008002d10       0x10 build/obj/main.o
                0x0000000008002d10                shCmds
 .rodata.shCfg  0x0000000008002d20        0x8 build/obj/main.o
 *fill*         0x0000000008002d28        0x8 
 .rodata.str1.4
                0x0000000008002d30       0x20 build/obj/main.o
 .rodata._ctype_
                0x0000000008002d50      0x104 /usr/local/Cellar/gcc-arm-none-eabi-48/20131218/bin/../lib/gcc/arm-none-eabi/4.8.3/../../../../arm-none-eabi/lib/armv6-m/libc.a(lib_a-ctype_.o)
                0x0000000008002d50                _ctype_
 *(.glue_7t)
 .glue_7t       0x0000000000000000        0x0 linker stubs
 *(.glue_7)
 .glue_7        0x0000000000000000        0x0 linker stubs
 *(.gcc*)

.vfp11_veneer   0x0000000008002e54        0x0
 .vfp11_veneer  0x0000000000000000        0x0 linker stubs

.v4_bx          0x0000000008002e54        0x0
 .v4_bx         0x0000000000000000        0x0 linker stubs

.iplt           0x0000000008002e54        0x0
 .iplt          0x0000000000000000        0x0 build/obj/crt0.o

.rel.dyn        0x0000000008002e54        0x0
 .rel.iplt      0x0000000000000000        0x0 build/obj/crt0.o

.ARM.extab
 *(.ARM.extab* .gnu.linkonce.armextab.*)

.ARM.exidx      0x0000000008002e54        0x0
                0x0000000008002e54                PROVIDE (__exidx_start, .)
 *(.ARM.exidx* .gnu.linkonce.armexidx.*)
                0x0000000008002e54                PROVIDE (__exidx_end, .)

.eh_frame_hdr
 *(.eh_frame_hdr)

.eh_frame
 *(.eh_frame)

.textalign      0x0000000008002e54        0x4
                0x0000000008002e58                . = ALIGN (0x8)
 *fill*         0x0000000008002e54        0x4 
                0x0000000008002e58                . = ALIGN (0x4)
                0x0000000008002e58                _etext = .
                0x0000000008002e58                _textdata = _etext

.stacks         0x0000000020000000      0x800
                0x0000000020000000                . = ALIGN (0x8)
                0x0000000020000000                __main_stack_base__ = .
                0x0000000020000400                . = (. + __main_stack_size__)
 *fill*         0x0000000020000000      0x400 
                0x0000000020000400                . = ALIGN (0x8)
                0x0000000020000400                __main_stack_end__ = .
                0x0000000020000400                __process_stack_base__ = .
                0x0000000020000400                __main_thread_stack_base__ = .
                0x0000000020000800                . = (. + __process_stack_size__)
 *fill*         0x0000000020000400      0x400 
                0x0000000020000800                . = ALIGN (0x8)
                0x0000000020000800                __process_stack_end__ = .
                0x0000000020000800                __main_thread_stack_end__ = .

.data           0x0000000020000800       0x1c load address 0x0000000008002e58
                0x0000000020000800                . = ALIGN (0x4)
                0x0000000020000800                PROVIDE (_data, .)
 *(.data)
                0x0000000020000800                . = ALIGN (0x4)
 *(.data.*)
 .data.local_commands
                0x0000000020000800       0x18 build/obj/shell.o
 .data.__ctype_ptr__
                0x0000000020000818        0x4 /usr/local/Cellar/gcc-arm-none-eabi-48/20131218/bin/../lib/gcc/arm-none-eabi/4.8.3/../../../../arm-none-eabi/lib/armv6-m/libc.a(lib_a-ctype_.o)
                0x0000000020000818                __ctype_ptr__
                0x000000002000081c                . = ALIGN (0x4)
 *(.ramtext)
                0x000000002000081c                . = ALIGN (0x4)
                0x000000002000081c                PROVIDE (_edata, .)

.igot.plt       0x000000002000081c        0x0 load address 0x0000000008002e74
 .igot.plt      0x0000000000000000        0x0 build/obj/crt0.o

.bss            0x0000000020000820      0x658 load address 0x0000000008002e74
                0x0000000020000820                . = ALIGN (0x4)
                0x0000000020000820                PROVIDE (_bss_start, .)
 *(.bss)
                0x0000000020000820                . = ALIGN (0x4)
 *(.bss.*)
 .bss._idle_thread_wa
                0x0000000020000820       0xc0 build/obj/chsys.o
                0x0000000020000820                _idle_thread_wa
 .bss.mainthread.4801
                0x00000000200008e0       0x48 build/obj/chsys.o
 .bss.dbg_isr_cnt
                0x0000000020000928        0x4 build/obj/chdebug.o
                0x0000000020000928                dbg_isr_cnt
 .bss.dbg_lock_cnt
                0x000000002000092c        0x4 build/obj/chdebug.o
                0x000000002000092c                dbg_lock_cnt
 .bss.dbg_panic_msg
                0x0000000020000930        0x4 build/obj/chdebug.o
                0x0000000020000930                dbg_panic_msg
 .bss.vtlist    0x0000000020000934       0x10 build/obj/chvt.o
                0x0000000020000934                vtlist
 .bss.rlist     0x0000000020000944       0x1c build/obj/chschd.o
                0x0000000020000944                rlist
 .bss.endmem    0x0000000020000960        0x4 build/obj/chmemcore.o
 .bss.nextmem   0x0000000020000964        0x4 build/obj/chmemcore.o
 .bss.default_heap
                0x0000000020000968       0x20 build/obj/chheap.o
 .bss.dma_isr_redir
                0x0000000020000988       0x28 build/obj/stm32_dma.o
 .bss.dma_streams_mask
                0x00000000200009b0        0x4 build/obj/stm32_dma.o
 .bss.ADCD1     0x00000000200009b4       0x34 build/obj/adc_lld.o
                0x00000000200009b4                ADCD1
 .bss.SD1       0x00000000200009e8       0x7c build/obj/serial_lld.o
                0x00000000200009e8                SD1
 .bss.shell_terminated
                0x0000000020000a64        0x4 build/obj/shell.o
                0x0000000020000a64                shell_terminated
 .bss.samples   0x0000000020000a68       0x80 build/obj/cmdadc.o
                0x0000000020000a68                samples
 .bss.adcTempArea
                0x0000000020000ae8      0x130 build/obj/cmd.o
 .bss.waThread1
                0x0000000020000c18      0x130 build/obj/main.o
 .bss.waThread2
                0x0000000020000d48      0x130 build/obj/main.o
                0x0000000020000e78                . = ALIGN (0x4)
 *(COMMON)
                0x0000000020000e78                . = ALIGN (0x4)
                0x0000000020000e78                PROVIDE (_bss_end, .)
                0x0000000020000e78                PROVIDE (end, .)
                0x0000000020000e78                _end = .
                0x0000000020000e78                __heap_base__ = _end
                0x0000000020002000                __heap_end__ = __ram_end__
OUTPUT(build/ch.elf elf32-littlearm)

.debug_info     0x0000000000000000     0xf453
 .debug_info    0x0000000000000000      0x2ac build/obj/crt0.o
 .debug_info    0x00000000000002ac      0x1c1 build/obj/vectors.o
 .debug_info    0x000000000000046d       0x92 build/obj/chcore.o
 .debug_info    0x00000000000004ff      0x752 build/obj/chcore_v6m.o
 .debug_info    0x0000000000000c51      0x3fb build/obj/nvic.o
 .debug_info    0x000000000000104c      0x98b build/obj/chsys.o
 .debug_info    0x00000000000019d7      0x392 build/obj/chdebug.o
 .debug_info    0x0000000000001d69      0x217 build/obj/chvt.o
 .debug_info    0x0000000000001f80      0x8ee build/obj/chschd.o
 .debug_info    0x000000000000286e      0xa5f build/obj/chthreads.o
 .debug_info    0x00000000000032cd      0x7f2 build/obj/chdynamic.o
 .debug_info    0x0000000000003abf      0x5bc build/obj/chregistry.o
 .debug_info    0x000000000000407b      0x95a build/obj/chmtx.o
 .debug_info    0x00000000000049d5      0xb83 build/obj/chevents.o
 .debug_info    0x0000000000005558      0xb18 build/obj/chqueues.o
 .debug_info    0x0000000000006070      0x1d3 build/obj/chmemcore.o
 .debug_info    0x0000000000006243      0x6b9 build/obj/chheap.o
 .debug_info    0x00000000000068fc      0x344 build/obj/chmempools.o
 .debug_info    0x0000000000006c40      0x1d0 build/obj/hal.o
 .debug_info    0x0000000000006e10      0xcc5 build/obj/adc.o
 .debug_info    0x0000000000007ad5      0xf90 build/obj/serial.o
 .debug_info    0x0000000000008a65      0x5e1 build/obj/stm32_dma.o
 .debug_info    0x0000000000009046      0x2bc build/obj/hal_lld.o
 .debug_info    0x0000000000009302      0xce3 build/obj/adc_lld.o
 .debug_info    0x0000000000009fe5      0x4ff build/obj/pal_lld.o
 .debug_info    0x000000000000a4e4      0xd8f build/obj/serial_lld.o
 .debug_info    0x000000000000b273      0x192 build/obj/board.o
 .debug_info    0x000000000000b405     0x13f3 build/obj/shell.o
 .debug_info    0x000000000000c7f8      0x633 build/obj/chprintf.o
 .debug_info    0x000000000000ce2b      0xf4f build/obj/cmdadc.o
 .debug_info    0x000000000000dd7a      0x8d5 build/obj/cmd.o
 .debug_info    0x000000000000e64f      0xe04 build/obj/main.o

.debug_abbrev   0x0000000000000000     0x3bb4
 .debug_abbrev  0x0000000000000000       0xdc build/obj/crt0.o
 .debug_abbrev  0x00000000000000dc       0xaf build/obj/vectors.o
 .debug_abbrev  0x000000000000018b       0x42 build/obj/chcore.o
 .debug_abbrev  0x00000000000001cd      0x15c build/obj/chcore_v6m.o
 .debug_abbrev  0x0000000000000329      0x10e build/obj/nvic.o
 .debug_abbrev  0x0000000000000437      0x1c5 build/obj/chsys.o
 .debug_abbrev  0x00000000000005fc       0xf2 build/obj/chdebug.o
 .debug_abbrev  0x00000000000006ee      0x115 build/obj/chvt.o
 .debug_abbrev  0x0000000000000803      0x288 build/obj/chschd.o
 .debug_abbrev  0x0000000000000a8b      0x2e1 build/obj/chthreads.o
 .debug_abbrev  0x0000000000000d6c      0x1e8 build/obj/chdynamic.o
 .debug_abbrev  0x0000000000000f54      0x162 build/obj/chregistry.o
 .debug_abbrev  0x00000000000010b6      0x2cc build/obj/chmtx.o
 .debug_abbrev  0x0000000000001382      0x283 build/obj/chevents.o
 .debug_abbrev  0x0000000000001605      0x2e3 build/obj/chqueues.o
 .debug_abbrev  0x00000000000018e8      0x118 build/obj/chmemcore.o
 .debug_abbrev  0x0000000000001a00      0x1b8 build/obj/chheap.o
 .debug_abbrev  0x0000000000001bb8      0x1d9 build/obj/chmempools.o
 .debug_abbrev  0x0000000000001d91       0xd3 build/obj/hal.o
 .debug_abbrev  0x0000000000001e64      0x2bd build/obj/adc.o
 .debug_abbrev  0x0000000000002121      0x269 build/obj/serial.o
 .debug_abbrev  0x000000000000238a      0x200 build/obj/stm32_dma.o
 .debug_abbrev  0x000000000000258a       0xe9 build/obj/hal_lld.o
 .debug_abbrev  0x0000000000002673      0x2d7 build/obj/adc_lld.o
 .debug_abbrev  0x000000000000294a      0x1a1 build/obj/pal_lld.o
 .debug_abbrev  0x0000000000002aeb      0x2fe build/obj/serial_lld.o
 .debug_abbrev  0x0000000000002de9       0xc8 build/obj/board.o
 .debug_abbrev  0x0000000000002eb1      0x3b7 build/obj/shell.o
 .debug_abbrev  0x0000000000003268      0x252 build/obj/chprintf.o
 .debug_abbrev  0x00000000000034ba      0x2b7 build/obj/cmdadc.o
 .debug_abbrev  0x0000000000003771      0x1db build/obj/cmd.o
 .debug_abbrev  0x000000000000394c      0x268 build/obj/main.o

.debug_loc      0x0000000000000000     0x4eb6
 .debug_loc     0x0000000000000000       0xec build/obj/crt0.o
 .debug_loc     0x00000000000000ec       0x89 build/obj/chcore_v6m.o
 .debug_loc     0x0000000000000175      0x16a build/obj/nvic.o
 .debug_loc     0x00000000000002df       0x26 build/obj/chsys.o
 .debug_loc     0x0000000000000305       0xc9 build/obj/chdebug.o
 .debug_loc     0x00000000000003ce       0xf8 build/obj/chvt.o
 .debug_loc     0x00000000000004c6      0x29c build/obj/chschd.o
 .debug_loc     0x0000000000000762      0x3f1 build/obj/chthreads.o
 .debug_loc     0x0000000000000b53      0x2c4 build/obj/chdynamic.o
 .debug_loc     0x0000000000000e17       0x8a build/obj/chregistry.o
 .debug_loc     0x0000000000000ea1      0x3f9 build/obj/chmtx.o
 .debug_loc     0x000000000000129a      0x758 build/obj/chevents.o
 .debug_loc     0x00000000000019f2      0x67d build/obj/chqueues.o
 .debug_loc     0x000000000000206f       0xbf build/obj/chmemcore.o
 .debug_loc     0x000000000000212e      0x338 build/obj/chheap.o
 .debug_loc     0x0000000000002466      0x252 build/obj/chmempools.o
 .debug_loc     0x00000000000026b8      0x4b5 build/obj/adc.o
 .debug_loc     0x0000000000002b6d      0x509 build/obj/serial.o
 .debug_loc     0x0000000000003076      0x1e1 build/obj/stm32_dma.o
 .debug_loc     0x0000000000003257      0x2d6 build/obj/adc_lld.o
 .debug_loc     0x000000000000352d      0x1e9 build/obj/pal_lld.o
 .debug_loc     0x0000000000003716      0x21c build/obj/serial_lld.o
 .debug_loc     0x0000000000003932      0x84f build/obj/shell.o
 .debug_loc     0x0000000000004181      0x89d build/obj/chprintf.o
 .debug_loc     0x0000000000004a1e       0xe7 build/obj/cmdadc.o
 .debug_loc     0x0000000000004b05      0x339 build/obj/cmd.o
 .debug_loc     0x0000000000004e3e       0x78 build/obj/main.o

.debug_aranges  0x0000000000000000      0x900
 .debug_aranges
                0x0000000000000000       0x38 build/obj/crt0.o
 .debug_aranges
                0x0000000000000038       0x20 build/obj/vectors.o
 .debug_aranges
                0x0000000000000058       0x20 build/obj/chcore.o
 .debug_aranges
                0x0000000000000078       0x48 build/obj/chcore_v6m.o
 .debug_aranges
                0x00000000000000c0       0x30 build/obj/nvic.o
 .debug_aranges
                0x00000000000000f0       0x30 build/obj/chsys.o
 .debug_aranges
                0x0000000000000120       0x78 build/obj/chdebug.o
 .debug_aranges
                0x0000000000000198       0x30 build/obj/chvt.o
 .debug_aranges
                0x00000000000001c8       0x68 build/obj/chschd.o
 .debug_aranges
                0x0000000000000230       0x78 build/obj/chthreads.o
 .debug_aranges
                0x00000000000002a8       0x38 build/obj/chdynamic.o
 .debug_aranges
                0x00000000000002e0       0x28 build/obj/chregistry.o
 .debug_aranges
                0x0000000000000308       0x58 build/obj/chmtx.o
 .debug_aranges
                0x0000000000000360       0xa0 build/obj/chevents.o
 .debug_aranges
                0x0000000000000400       0x70 build/obj/chqueues.o
 .debug_aranges
                0x0000000000000470       0x38 build/obj/chmemcore.o
 .debug_aranges
                0x00000000000004a8       0x40 build/obj/chheap.o
 .debug_aranges
                0x00000000000004e8       0x48 build/obj/chmempools.o
 .debug_aranges
                0x0000000000000530       0x20 build/obj/hal.o
 .debug_aranges
                0x0000000000000550       0x70 build/obj/adc.o
 .debug_aranges
                0x00000000000005c0       0x88 build/obj/serial.o
 .debug_aranges
                0x0000000000000648       0x48 build/obj/stm32_dma.o
 .debug_aranges
                0x0000000000000690       0x28 build/obj/hal_lld.o
 .debug_aranges
                0x00000000000006b8       0x50 build/obj/adc_lld.o
 .debug_aranges
                0x0000000000000708       0x28 build/obj/pal_lld.o
 .debug_aranges
                0x0000000000000730       0x40 build/obj/serial_lld.o
 .debug_aranges
                0x0000000000000770       0x28 build/obj/board.o
 .debug_aranges
                0x0000000000000798       0x68 build/obj/shell.o
 .debug_aranges
                0x0000000000000800       0x30 build/obj/chprintf.o
 .debug_aranges
                0x0000000000000830       0x40 build/obj/cmdadc.o
 .debug_aranges
                0x0000000000000870       0x60 build/obj/cmd.o
 .debug_aranges
                0x00000000000008d0       0x30 build/obj/main.o

.debug_ranges   0x0000000000000000      0x9b8
 .debug_ranges  0x0000000000000000       0x28 build/obj/crt0.o
 .debug_ranges  0x0000000000000028       0x10 build/obj/vectors.o
 .debug_ranges  0x0000000000000038       0x10 build/obj/chcore.o
 .debug_ranges  0x0000000000000048       0x50 build/obj/chcore_v6m.o
 .debug_ranges  0x0000000000000098       0x20 build/obj/nvic.o
 .debug_ranges  0x00000000000000b8       0x38 build/obj/chsys.o
 .debug_ranges  0x00000000000000f0       0x68 build/obj/chdebug.o
 .debug_ranges  0x0000000000000158       0x20 build/obj/chvt.o
 .debug_ranges  0x0000000000000178       0xc8 build/obj/chschd.o
 .debug_ranges  0x0000000000000240       0x98 build/obj/chthreads.o
 .debug_ranges  0x00000000000002d8       0x28 build/obj/chdynamic.o
 .debug_ranges  0x0000000000000300       0x18 build/obj/chregistry.o
 .debug_ranges  0x0000000000000318       0xd8 build/obj/chmtx.o
 .debug_ranges  0x00000000000003f0       0xa8 build/obj/chevents.o
 .debug_ranges  0x0000000000000498       0x78 build/obj/chqueues.o
 .debug_ranges  0x0000000000000510       0x28 build/obj/chmemcore.o
 .debug_ranges  0x0000000000000538       0x30 build/obj/chheap.o
 .debug_ranges  0x0000000000000568       0x38 build/obj/chmempools.o
 .debug_ranges  0x00000000000005a0       0x10 build/obj/hal.o
 .debug_ranges  0x00000000000005b0       0x60 build/obj/adc.o
 .debug_ranges  0x0000000000000610       0x78 build/obj/serial.o
 .debug_ranges  0x0000000000000688       0x38 build/obj/stm32_dma.o
 .debug_ranges  0x00000000000006c0       0x18 build/obj/hal_lld.o
 .debug_ranges  0x00000000000006d8       0x70 build/obj/adc_lld.o
 .debug_ranges  0x0000000000000748       0x58 build/obj/pal_lld.o
 .debug_ranges  0x00000000000007a0       0x60 build/obj/serial_lld.o
 .debug_ranges  0x0000000000000800       0x18 build/obj/board.o
 .debug_ranges  0x0000000000000818       0xb0 build/obj/shell.o
 .debug_ranges  0x00000000000008c8       0x50 build/obj/chprintf.o
 .debug_ranges  0x0000000000000918       0x30 build/obj/cmdadc.o
 .debug_ranges  0x0000000000000948       0x50 build/obj/cmd.o
 .debug_ranges  0x0000000000000998       0x20 build/obj/main.o

.debug_line     0x0000000000000000     0x45bf
 .debug_line    0x0000000000000000      0x103 build/obj/crt0.o
 .debug_line    0x0000000000000103       0xb0 build/obj/vectors.o
 .debug_line    0x00000000000001b3       0x53 build/obj/chcore.o
 .debug_line    0x0000000000000206      0x1d1 build/obj/chcore_v6m.o
 .debug_line    0x00000000000003d7       0xef build/obj/nvic.o
 .debug_line    0x00000000000004c6      0x230 build/obj/chsys.o
 .debug_line    0x00000000000006f6      0x24c build/obj/chdebug.o
 .debug_line    0x0000000000000942      0x132 build/obj/chvt.o
 .debug_line    0x0000000000000a74      0x2bb build/obj/chschd.o
 .debug_line    0x0000000000000d2f      0x331 build/obj/chthreads.o
 .debug_line    0x0000000000001060      0x235 build/obj/chdynamic.o
 .debug_line    0x0000000000001295      0x1d1 build/obj/chregistry.o
 .debug_line    0x0000000000001466      0x2e3 build/obj/chmtx.o
 .debug_line    0x0000000000001749      0x305 build/obj/chevents.o
 .debug_line    0x0000000000001a4e      0x350 build/obj/chqueues.o
 .debug_line    0x0000000000001d9e      0x16d build/obj/chmemcore.o
 .debug_line    0x0000000000001f0b      0x269 build/obj/chheap.o
 .debug_line    0x0000000000002174      0x1c0 build/obj/chmempools.o
 .debug_line    0x0000000000002334      0x15d build/obj/hal.o
 .debug_line    0x0000000000002491      0x306 build/obj/adc.o
 .debug_line    0x0000000000002797      0x338 build/obj/serial.o
 .debug_line    0x0000000000002acf      0x1ed build/obj/stm32_dma.o
 .debug_line    0x0000000000002cbc      0x165 build/obj/hal_lld.o
 .debug_line    0x0000000000002e21      0x39b build/obj/adc_lld.o
 .debug_line    0x00000000000031bc      0x16a build/obj/pal_lld.o
 .debug_line    0x0000000000003326      0x2fe build/obj/serial_lld.o
 .debug_line    0x0000000000003624      0x11d build/obj/board.o
 .debug_line    0x0000000000003741      0x3ad build/obj/shell.o
 .debug_line    0x0000000000003aee      0x2b1 build/obj/chprintf.o
 .debug_line    0x0000000000003d9f      0x2d1 build/obj/cmdadc.o
 .debug_line    0x0000000000004070      0x247 build/obj/cmd.o
 .debug_line    0x00000000000042b7      0x308 build/obj/main.o

.debug_str      0x0000000000000000     0x203f
 .debug_str     0x0000000000000000      0x2a8 build/obj/crt0.o
                                        0x2dc (size before relaxing)
 .debug_str     0x00000000000002a8      0x145 build/obj/vectors.o
                                        0x307 (size before relaxing)
 .debug_str     0x00000000000003ed       0x2d build/obj/chcore.o
                                        0x1da (size before relaxing)
 .debug_str     0x000000000000041a      0x334 build/obj/chcore_v6m.o
                                        0x508 (size before relaxing)
 .debug_str     0x000000000000074e       0xbb build/obj/nvic.o
                                        0x2d9 (size before relaxing)
 .debug_str     0x0000000000000809      0x227 build/obj/chsys.o
                                        0x650 (size before relaxing)
 .debug_str     0x0000000000000a30       0x8b build/obj/chdebug.o
                                        0x2e6 (size before relaxing)
 .debug_str     0x0000000000000abb       0x36 build/obj/chvt.o
                                        0x26b (size before relaxing)
 .debug_str     0x0000000000000af1       0xd5 build/obj/chschd.o
                                        0x510 (size before relaxing)
 .debug_str     0x0000000000000bc6       0xd3 build/obj/chthreads.o
                                        0x558 (size before relaxing)
 .debug_str     0x0000000000000c99      0x10d build/obj/chdynamic.o
                                        0x4be (size before relaxing)
 .debug_str     0x0000000000000da6       0x42 build/obj/chregistry.o
                                        0x4ca (size before relaxing)
 .debug_str     0x0000000000000de8       0x91 build/obj/chmtx.o
                                        0x472 (size before relaxing)
 .debug_str     0x0000000000000e79      0x1b9 build/obj/chevents.o
                                        0x596 (size before relaxing)
 .debug_str     0x0000000000001032      0x126 build/obj/chqueues.o
                                        0x4fd (size before relaxing)
 .debug_str     0x0000000000001158       0x70 build/obj/chmemcore.o
                                        0x26d (size before relaxing)
 .debug_str     0x00000000000011c8       0x48 build/obj/chheap.o
                                        0x425 (size before relaxing)
 .debug_str     0x0000000000001210       0x55 build/obj/chmempools.o
                                        0x2bb (size before relaxing)
 .debug_str     0x0000000000001265       0xcb build/obj/hal.o
                                        0x281 (size before relaxing)
 .debug_str     0x0000000000001330      0x2f3 build/obj/adc.o
                                        0x709 (size before relaxing)
 .debug_str     0x0000000000001623      0x146 build/obj/serial.o
                                        0x654 (size before relaxing)
 .debug_str     0x0000000000001769      0x2ec build/obj/stm32_dma.o
                                        0x5a1 (size before relaxing)
 .debug_str     0x0000000000001a55       0xa4 build/obj/hal_lld.o
                                        0x2d0 (size before relaxing)
 .debug_str     0x0000000000001af9       0x76 build/obj/adc_lld.o
                                        0x756 (size before relaxing)
 .debug_str     0x0000000000001b6f       0xc9 build/obj/pal_lld.o
                                        0x35f (size before relaxing)
 .debug_str     0x0000000000001c38       0x75 build/obj/serial_lld.o
                                        0x6b0 (size before relaxing)
 .debug_str     0x0000000000001cad       0x2a build/obj/board.o
                                        0x280 (size before relaxing)
 .debug_str     0x0000000000001cd7      0x1b2 build/obj/shell.o
                                        0x6b0 (size before relaxing)
 .debug_str     0x0000000000001e89       0xbd build/obj/chprintf.o
                                        0x30a (size before relaxing)
 .debug_str     0x0000000000001f46       0x6e build/obj/cmdadc.o
                                        0x7ba (size before relaxing)
 .debug_str     0x0000000000001fb4       0x63 build/obj/cmd.o
                                        0x43b (size before relaxing)
 .debug_str     0x0000000000002017       0x28 build/obj/main.o
                                        0x6bf (size before relaxing)

.comment        0x0000000000000000       0x70
 .comment       0x0000000000000000       0x70 build/obj/crt0.o
                                         0x71 (size before relaxing)
 .comment       0x0000000000000000       0x71 build/obj/vectors.o
 .comment       0x0000000000000000       0x71 build/obj/chcore.o
 .comment       0x0000000000000000       0x71 build/obj/chcore_v6m.o
 .comment       0x0000000000000000       0x71 build/obj/nvic.o
 .comment       0x0000000000000000       0x71 build/obj/chsys.o
 .comment       0x0000000000000000       0x71 build/obj/chdebug.o
 .comment       0x0000000000000000       0x71 build/obj/chvt.o
 .comment       0x0000000000000000       0x71 build/obj/chschd.o
 .comment       0x0000000000000000       0x71 build/obj/chthreads.o
 .comment       0x0000000000000000       0x71 build/obj/chdynamic.o
 .comment       0x0000000000000000       0x71 build/obj/chregistry.o
 .comment       0x0000000000000000       0x71 build/obj/chmtx.o
 .comment       0x0000000000000000       0x71 build/obj/chevents.o
 .comment       0x0000000000000000       0x71 build/obj/chqueues.o
 .comment       0x0000000000000000       0x71 build/obj/chmemcore.o
 .comment       0x0000000000000000       0x71 build/obj/chheap.o
 .comment       0x0000000000000000       0x71 build/obj/chmempools.o
 .comment       0x0000000000000000       0x71 build/obj/hal.o
 .comment       0x0000000000000000       0x71 build/obj/adc.o
 .comment       0x0000000000000000       0x71 build/obj/serial.o
 .comment       0x0000000000000000       0x71 build/obj/stm32_dma.o
 .comment       0x0000000000000000       0x71 build/obj/hal_lld.o
 .comment       0x0000000000000000       0x71 build/obj/adc_lld.o
 .comment       0x0000000000000000       0x71 build/obj/pal_lld.o
 .comment       0x0000000000000000       0x71 build/obj/serial_lld.o
 .comment       0x0000000000000000       0x71 build/obj/board.o
 .comment       0x0000000000000000       0x71 build/obj/shell.o
 .comment       0x0000000000000000       0x71 build/obj/chprintf.o
 .comment       0x0000000000000000       0x71 build/obj/cmdadc.o
 .comment       0x0000000000000000       0x71 build/obj/cmd.o
 .comment       0x0000000000000000       0x71 build/obj/main.o

.ARM.attributes
                0x0000000000000000       0x31
 .ARM.attributes
                0x0000000000000000       0x31 build/obj/crt0.o
 .ARM.attributes
                0x0000000000000031       0x31 build/obj/vectors.o
 .ARM.attributes
                0x0000000000000062       0x31 build/obj/chcore.o
 .ARM.attributes
                0x0000000000000093       0x31 build/obj/chcore_v6m.o
 .ARM.attributes
                0x00000000000000c4       0x31 build/obj/nvic.o
 .ARM.attributes
                0x00000000000000f5       0x31 build/obj/chsys.o
 .ARM.attributes
                0x0000000000000126       0x31 build/obj/chdebug.o
 .ARM.attributes
                0x0000000000000157       0x31 build/obj/chvt.o
 .ARM.attributes
                0x0000000000000188       0x31 build/obj/chschd.o
 .ARM.attributes
                0x00000000000001b9       0x31 build/obj/chthreads.o
 .ARM.attributes
                0x00000000000001ea       0x31 build/obj/chdynamic.o
 .ARM.attributes
                0x000000000000021b       0x31 build/obj/chregistry.o
 .ARM.attributes
                0x000000000000024c       0x31 build/obj/chmtx.o
 .ARM.attributes
                0x000000000000027d       0x31 build/obj/chevents.o
 .ARM.attributes
                0x00000000000002ae       0x31 build/obj/chqueues.o
 .ARM.attributes
                0x00000000000002df       0x31 build/obj/chmemcore.o
 .ARM.attributes
                0x0000000000000310       0x31 build/obj/chheap.o
 .ARM.attributes
                0x0000000000000341       0x31 build/obj/chmempools.o
 .ARM.attributes
                0x0000000000000372       0x31 build/obj/hal.o
 .ARM.attributes
                0x00000000000003a3       0x31 build/obj/adc.o
 .ARM.attributes
                0x00000000000003d4       0x31 build/obj/serial.o
 .ARM.attributes
                0x0000000000000405       0x31 build/obj/stm32_dma.o
 .ARM.attributes
                0x0000000000000436       0x31 build/obj/hal_lld.o
 .ARM.attributes
                0x0000000000000467       0x31 build/obj/adc_lld.o
 .ARM.attributes
                0x0000000000000498       0x31 build/obj/pal_lld.o
 .ARM.attributes
                0x00000000000004c9       0x31 build/obj/serial_lld.o
 .ARM.attributes
                0x00000000000004fa       0x31 build/obj/board.o
 .ARM.attributes
                0x000000000000052b       0x31 build/obj/shell.o
 .ARM.attributes
                0x000000000000055c       0x31 build/obj/chprintf.o
 .ARM.attributes
                0x000000000000058d       0x31 build/obj/cmdadc.o
 .ARM.attributes
                0x00000000000005be       0x31 build/obj/cmd.o
 .ARM.attributes
                0x00000000000005ef       0x31 build/obj/main.o
 .ARM.attributes
                0x0000000000000620       0x1e /usr/local/Cellar/gcc-arm-none-eabi-48/20131218/bin/../lib/gcc/arm-none-eabi/4.8.3/armv6-m/libgcc.a(_udivsi3.o)
 .ARM.attributes
                0x000000000000063e       0x1e /usr/local/Cellar/gcc-arm-none-eabi-48/20131218/bin/../lib/gcc/arm-none-eabi/4.8.3/armv6-m/libgcc.a(_dvmd_tls.o)
 .ARM.attributes
                0x000000000000065c       0x2c /usr/local/Cellar/gcc-arm-none-eabi-48/20131218/bin/../lib/gcc/arm-none-eabi/4.8.3/../../../../arm-none-eabi/lib/armv6-m/libc.a(lib_a-strcasecmp.o)
 .ARM.attributes
                0x0000000000000688       0x2c /usr/local/Cellar/gcc-arm-none-eabi-48/20131218/bin/../lib/gcc/arm-none-eabi/4.8.3/../../../../arm-none-eabi/lib/armv6-m/libc.a(lib_a-strpbrk.o)
 .ARM.attributes
                0x00000000000006b4       0x2c /usr/local/Cellar/gcc-arm-none-eabi-48/20131218/bin/../lib/gcc/arm-none-eabi/4.8.3/../../../../arm-none-eabi/lib/armv6-m/libc.a(lib_a-strspn.o)
 .ARM.attributes
                0x00000000000006e0       0x2c /usr/local/Cellar/gcc-arm-none-eabi-48/20131218/bin/../lib/gcc/arm-none-eabi/4.8.3/../../../../arm-none-eabi/lib/armv6-m/libc.a(lib_a-ctype_.o)

.debug_frame    0x0000000000000000     0x18a0
 .debug_frame   0x0000000000000000       0x50 build/obj/crt0.o
 .debug_frame   0x0000000000000050       0x20 build/obj/vectors.o
 .debug_frame   0x0000000000000070       0x20 build/obj/chcore.o
 .debug_frame   0x0000000000000090       0x88 build/obj/chcore_v6m.o
 .debug_frame   0x0000000000000118       0x68 build/obj/nvic.o
 .debug_frame   0x0000000000000180       0x64 build/obj/chsys.o
 .debug_frame   0x00000000000001e4      0x160 build/obj/chdebug.o
 .debug_frame   0x0000000000000344       0x64 build/obj/chvt.o
 .debug_frame   0x00000000000003a8      0x12c build/obj/chschd.o
 .debug_frame   0x00000000000004d4      0x178 build/obj/chthreads.o
 .debug_frame   0x000000000000064c       0xa0 build/obj/chdynamic.o
 .debug_frame   0x00000000000006ec       0x4c build/obj/chregistry.o
 .debug_frame   0x0000000000000738       0xf8 build/obj/chmtx.o
 .debug_frame   0x0000000000000830      0x22c build/obj/chevents.o
 .debug_frame   0x0000000000000a5c      0x180 build/obj/chqueues.o
 .debug_frame   0x0000000000000bdc       0x68 build/obj/chmemcore.o
 .debug_frame   0x0000000000000c44       0xb0 build/obj/chheap.o
 .debug_frame   0x0000000000000cf4       0xb8 build/obj/chmempools.o
 .debug_frame   0x0000000000000dac       0x2c build/obj/hal.o
 .debug_frame   0x0000000000000dd8      0x16c build/obj/adc.o
 .debug_frame   0x0000000000000f44      0x1a8 build/obj/serial.o
 .debug_frame   0x00000000000010ec       0xb8 build/obj/stm32_dma.o
 .debug_frame   0x00000000000011a4       0x3c build/obj/hal_lld.o
 .debug_frame   0x00000000000011e0       0xe0 build/obj/adc_lld.o
 .debug_frame   0x00000000000012c0       0x54 build/obj/pal_lld.o
 .debug_frame   0x0000000000001314       0xa8 build/obj/serial_lld.o
 .debug_frame   0x00000000000013bc       0x3c build/obj/board.o
 .debug_frame   0x00000000000013f8      0x14c build/obj/shell.o
 .debug_frame   0x0000000000001544       0x94 build/obj/chprintf.o
 .debug_frame   0x00000000000015d8       0xa4 build/obj/cmdadc.o
 .debug_frame   0x000000000000167c      0x10c build/obj/cmd.o
 .debug_frame   0x0000000000001788       0x70 build/obj/main.o
 .debug_frame   0x00000000000017f8       0x20 /usr/local/Cellar/gcc-arm-none-eabi-48/20131218/bin/../lib/gcc/arm-none-eabi/4.8.3/armv6-m/libgcc.a(_udivsi3.o)
 .debug_frame   0x0000000000001818       0x30 /usr/local/Cellar/gcc-arm-none-eabi-48/20131218/bin/../lib/gcc/arm-none-eabi/4.8.3/../../../../arm-none-eabi/lib/armv6-m/libc.a(lib_a-strcasecmp.o)
 .debug_frame   0x0000000000001848       0x2c /usr/local/Cellar/gcc-arm-none-eabi-48/20131218/bin/../lib/gcc/arm-none-eabi/4.8.3/../../../../arm-none-eabi/lib/armv6-m/libc.a(lib_a-strpbrk.o)
 .debug_frame   0x0000000000001874       0x2c /usr/local/Cellar/gcc-arm-none-eabi-48/20131218/bin/../lib/gcc/arm-none-eabi/4.8.3/../../../../arm-none-eabi/lib/armv6-m/libc.a(lib_a-strspn.o)

Cross Reference Table

Symbol                                            File
ADCD1                                             build/obj/adc_lld.o
                                                  build/obj/cmdadc.o
BusFaultVector                                    build/obj/vectors.o
DebugMonitorVector                                build/obj/vectors.o
HardFaultVector                                   build/obj/vectors.o
MemManageVector                                   build/obj/vectors.o
NMIVector                                         build/obj/chcore_v6m.o
                                                  build/obj/vectors.o
PendSVVector                                      build/obj/vectors.o
ResetHandler                                      build/obj/crt0.o
                                                  build/obj/vectors.o
SD1                                               build/obj/serial_lld.o
                                                  build/obj/main.o
                                                  build/obj/cmdadc.o
SVCallVector                                      build/obj/vectors.o
SysTickVector                                     build/obj/chcore_v6m.o
                                                  build/obj/vectors.o
TestThread                                        build/obj/test.o
UsageFaultVector                                  build/obj/vectors.o
Vector1C                                          build/obj/vectors.o
Vector20                                          build/obj/vectors.o
Vector24                                          build/obj/vectors.o
Vector28                                          build/obj/vectors.o
Vector34                                          build/obj/vectors.o
Vector40                                          build/obj/vectors.o
Vector44                                          build/obj/vectors.o
Vector48                                          build/obj/vectors.o
Vector4C                                          build/obj/vectors.o
Vector50                                          build/obj/vectors.o
Vector54                                          build/obj/vectors.o
Vector58                                          build/obj/vectors.o
Vector5C                                          build/obj/vectors.o
Vector60                                          build/obj/vectors.o
Vector64                                          build/obj/stm32_dma.o
                                                  build/obj/vectors.o
Vector68                                          build/obj/stm32_dma.o
                                                  build/obj/vectors.o
Vector6C                                          build/obj/stm32_dma.o
                                                  build/obj/vectors.o
Vector70                                          build/obj/adc_lld.o
                                                  build/obj/vectors.o
Vector74                                          build/obj/vectors.o
Vector78                                          build/obj/vectors.o
Vector7C                                          build/obj/vectors.o
Vector80                                          build/obj/vectors.o
Vector84                                          build/obj/vectors.o
Vector88                                          build/obj/vectors.o
Vector8C                                          build/obj/vectors.o
Vector90                                          build/obj/vectors.o
Vector94                                          build/obj/vectors.o
Vector98                                          build/obj/vectors.o
Vector9C                                          build/obj/vectors.o
VectorA0                                          build/obj/vectors.o
VectorA4                                          build/obj/vectors.o
VectorA8                                          build/obj/vectors.o
VectorAC                                          build/obj/serial_lld.o
                                                  build/obj/vectors.o
VectorB0                                          build/obj/vectors.o
VectorB4                                          build/obj/vectors.o
VectorB8                                          build/obj/vectors.o
VectorBC                                          build/obj/vectors.o
__aeabi_idiv0                                     /usr/local/Cellar/gcc-arm-none-eabi-48/20131218/bin/../lib/gcc/arm-none-eabi/4.8.3/armv6-m/libgcc.a(_dvmd_tls.o)
                                                  /usr/local/Cellar/gcc-arm-none-eabi-48/20131218/bin/../lib/gcc/arm-none-eabi/4.8.3/armv6-m/libgcc.a(_udivsi3.o)
__aeabi_ldiv0                                     /usr/local/Cellar/gcc-arm-none-eabi-48/20131218/bin/../lib/gcc/arm-none-eabi/4.8.3/armv6-m/libgcc.a(_dvmd_tls.o)
__aeabi_uidiv                                     /usr/local/Cellar/gcc-arm-none-eabi-48/20131218/bin/../lib/gcc/arm-none-eabi/4.8.3/armv6-m/libgcc.a(_udivsi3.o)
                                                  build/obj/chprintf.o
                                                  build/obj/serial_lld.o
                                                  build/obj/test.o
__aeabi_uidivmod                                  /usr/local/Cellar/gcc-arm-none-eabi-48/20131218/bin/../lib/gcc/arm-none-eabi/4.8.3/armv6-m/libgcc.a(_udivsi3.o)
                                                  build/obj/chprintf.o
                                                  build/obj/test.o
__ctype_ptr__                                     /usr/local/Cellar/gcc-arm-none-eabi-48/20131218/bin/../lib/gcc/arm-none-eabi/4.8.3/../../../../arm-none-eabi/lib/armv6-m/libc.a(lib_a-ctype_.o)
                                                  /usr/local/Cellar/gcc-arm-none-eabi-48/20131218/bin/../lib/gcc/arm-none-eabi/4.8.3/../../../../arm-none-eabi/lib/armv6-m/libc.a(lib_a-strcasecmp.o)
__early_init                                      build/obj/board.o
                                                  build/obj/crt0.o
__fini_array_end                                  build/obj/crt0.o
__fini_array_start                                build/obj/crt0.o
__heap_base__                                     build/obj/chmemcore.o
__heap_end__                                      build/obj/chmemcore.o
__init_array_end                                  build/obj/crt0.o
__init_array_start                                build/obj/crt0.o
__late_init                                       build/obj/crt0.o
__main_stack_base__                               build/obj/crt0.o
__main_stack_end__                                build/obj/vectors.o
                                                  build/obj/crt0.o
__process_stack_base__                            build/obj/crt0.o
__process_stack_end__                             build/obj/crt0.o
__udivsi3                                         /usr/local/Cellar/gcc-arm-none-eabi-48/20131218/bin/../lib/gcc/arm-none-eabi/4.8.3/armv6-m/libgcc.a(_udivsi3.o)
_bss_end                                          build/obj/crt0.o
_bss_start                                        build/obj/crt0.o
_close_r                                          build/obj/syscalls.o
_core_init                                        build/obj/chmemcore.o
                                                  build/obj/chsys.o
_ctype_                                           /usr/local/Cellar/gcc-arm-none-eabi-48/20131218/bin/../lib/gcc/arm-none-eabi/4.8.3/../../../../arm-none-eabi/lib/armv6-m/libc.a(lib_a-ctype_.o)
_data                                             build/obj/crt0.o
_default_exit                                     build/obj/crt0.o
_edata                                            build/obj/crt0.o
_fstat_r                                          build/obj/syscalls.o
_heap_init                                        build/obj/chheap.o
                                                  build/obj/chsys.o
_idle_thread                                      build/obj/chsys.o
_idle_thread_wa                                   build/obj/chsys.o
_isatty_r                                         build/obj/syscalls.o
_lseek_r                                          build/obj/syscalls.o
_pal_lld_init                                     build/obj/pal_lld.o
                                                  build/obj/hal.o
_pal_lld_setgroupmode                             build/obj/pal_lld.o
                                                  build/obj/main.o
                                                  build/obj/pal.o
_port_irq_epilogue                                build/obj/chcore_v6m.o
                                                  build/obj/serial_lld.o
                                                  build/obj/adc_lld.o
                                                  build/obj/stm32_dma.o
_port_switch                                      build/obj/chcore_v6m.o
                                                  build/obj/chschd.o
_port_switch_from_isr                             build/obj/chcore_v6m.o
_port_thread_start                                build/obj/chcore_v6m.o
                                                  build/obj/chthreads.o
_read_r                                           build/obj/syscalls.o
_sbrk_r                                           build/obj/syscalls.o
_scheduler_init                                   build/obj/chschd.o
                                                  build/obj/chsys.o
_stm32_dma_streams                                build/obj/stm32_dma.o
                                                  build/obj/adc_lld.o
_test_assert                                      build/obj/test.o
                                                  build/obj/testqueues.o
                                                  build/obj/testdyn.o
                                                  build/obj/testpools.o
                                                  build/obj/testheap.o
                                                  build/obj/testevt.o
                                                  build/obj/testmbox.o
                                                  build/obj/testmtx.o
                                                  build/obj/testsem.o
                                                  build/obj/testthd.o
_test_assert_sequence                             build/obj/test.o
                                                  build/obj/testqueues.o
                                                  build/obj/testdyn.o
                                                  build/obj/testevt.o
                                                  build/obj/testmbox.o
                                                  build/obj/testmsg.o
                                                  build/obj/testmtx.o
                                                  build/obj/testsem.o
                                                  build/obj/testthd.o
_test_assert_time_window                          build/obj/test.o
                                                  build/obj/testevt.o
                                                  build/obj/testmtx.o
                                                  build/obj/testsem.o
                                                  build/obj/testthd.o
_test_fail                                        build/obj/test.o
_textdata                                         build/obj/crt0.o
_thread_init                                      build/obj/chthreads.o
                                                  build/obj/chsys.o
_unhandled_exception                              build/obj/vectors.o
_vectors                                          build/obj/vectors.o
_vt_init                                          build/obj/chvt.o
                                                  build/obj/chsys.o
_write_r                                          build/obj/syscalls.o
adcAcquireBus                                     build/obj/adc.o
adcConversionThread                               build/obj/cmdadc.o
                                                  build/obj/cmd.o
adcConvert                                        build/obj/adc.o
adcErrorCallBack                                  build/obj/cmdadc.o
adcInit                                           build/obj/adc.o
                                                  build/obj/hal.o
adcObjectInit                                     build/obj/adc.o
                                                  build/obj/adc_lld.o
adcReleaseBus                                     build/obj/adc.o
adcStart                                          build/obj/adc.o
                                                  build/obj/cmdadc.o
adcStartConversion                                build/obj/adc.o
                                                  build/obj/cmdadc.o
adcStartConversionI                               build/obj/adc.o
adcStop                                           build/obj/adc.o
adcStopConversion                                 build/obj/adc.o
adcStopConversionI                                build/obj/adc.o
adcTempCallBack                                   build/obj/cmdadc.o
adc_lld_init                                      build/obj/adc_lld.o
                                                  build/obj/adc.o
adc_lld_start                                     build/obj/adc_lld.o
                                                  build/obj/adc.o
adc_lld_start_conversion                          build/obj/adc_lld.o
                                                  build/obj/adc.o
adc_lld_stop                                      build/obj/adc_lld.o
                                                  build/obj/adc.o
adc_lld_stop_conversion                           build/obj/adc_lld.o
                                                  build/obj/adc.o
boardInit                                         build/obj/board.o
                                                  build/obj/hal.o
bufferDepth                                       build/obj/cmdadc.o
chCondBroadcast                                   build/obj/chcond.o
                                                  build/obj/testmtx.o
chCondBroadcastI                                  build/obj/chcond.o
chCondInit                                        build/obj/chcond.o
                                                  build/obj/testmtx.o
chCondSignal                                      build/obj/chcond.o
                                                  build/obj/testmtx.o
chCondSignalI                                     build/obj/chcond.o
                                                  build/obj/testmtx.o
chCondWait                                        build/obj/chcond.o
                                                  build/obj/testmtx.o
chCondWaitS                                       build/obj/chcond.o
chCondWaitTimeout                                 build/obj/chcond.o
                                                  build/obj/testmtx.o
chCondWaitTimeoutS                                build/obj/chcond.o
chCoreAlloc                                       build/obj/chmemcore.o
                                                  build/obj/syscalls.o
                                                  build/obj/chheap.o
chCoreAllocI                                      build/obj/chmemcore.o
chCoreStatus                                      build/obj/chmemcore.o
                                                  build/obj/testheap.o
chDbgCheckClassI                                  build/obj/chdebug.o
                                                  build/obj/serial.o
                                                  build/obj/adc.o
                                                  build/obj/chmempools.o
                                                  build/obj/chmemcore.o
                                                  build/obj/chqueues.o
                                                  build/obj/chmboxes.o
                                                  build/obj/chevents.o
                                                  build/obj/chcond.o
                                                  build/obj/chsem.o
                                                  build/obj/chthreads.o
                                                  build/obj/chschd.o
                                                  build/obj/chvt.o
                                                  build/obj/chsys.o
chDbgCheckClassS                                  build/obj/chdebug.o
                                                  build/obj/chmboxes.o
                                                  build/obj/chcond.o
                                                  build/obj/chmtx.o
                                                  build/obj/chsem.o
                                                  build/obj/chschd.o
chDbgPanic                                        build/obj/chdebug.o
chEvtAddEvents                                    build/obj/chevents.o
                                                  build/obj/testevt.o
chEvtBroadcastFlags                               build/obj/chevents.o
                                                  build/obj/testevt.o
chEvtBroadcastFlagsI                              build/obj/chevents.o
                                                  build/obj/shell.o
                                                  build/obj/evtimer.o
                                                  build/obj/serial_lld.o
                                                  build/obj/serial.o
chEvtDispatch                                     build/obj/chevents.o
                                                  build/obj/testevt.o
chEvtGetAndClearEvents                            build/obj/chevents.o
                                                  build/obj/testevt.o
chEvtGetAndClearFlags                             build/obj/chevents.o
chEvtGetAndClearFlagsI                            build/obj/chevents.o
chEvtRegisterMask                                 build/obj/chevents.o
                                                  build/obj/testevt.o
chEvtSignal                                       build/obj/chevents.o
                                                  build/obj/testevt.o
chEvtSignalI                                      build/obj/chevents.o
chEvtUnregister                                   build/obj/chevents.o
                                                  build/obj/testevt.o
chEvtWaitAll                                      build/obj/chevents.o
                                                  build/obj/testevt.o
chEvtWaitAllTimeout                               build/obj/chevents.o
                                                  build/obj/testevt.o
chEvtWaitAny                                      build/obj/chevents.o
                                                  build/obj/testevt.o
chEvtWaitAnyTimeout                               build/obj/chevents.o
                                                  build/obj/testevt.o
chEvtWaitOne                                      build/obj/chevents.o
                                                  build/obj/testevt.o
chEvtWaitOneTimeout                               build/obj/chevents.o
                                                  build/obj/testevt.o
chHeapAlloc                                       build/obj/chheap.o
                                                  build/obj/testdyn.o
                                                  build/obj/testheap.o
                                                  build/obj/chdynamic.o
chHeapFree                                        build/obj/chheap.o
                                                  build/obj/testdyn.o
                                                  build/obj/testheap.o
                                                  build/obj/chdynamic.o
chHeapInit                                        build/obj/chheap.o
                                                  build/obj/testdyn.o
                                                  build/obj/testheap.o
chHeapStatus                                      build/obj/chheap.o
                                                  build/obj/testdyn.o
                                                  build/obj/testheap.o
chIQGetTimeout                                    build/obj/chqueues.o
                                                  build/obj/serial.o
                                                  build/obj/testbmk.o
                                                  build/obj/testqueues.o
chIQInit                                          build/obj/chqueues.o
                                                  build/obj/serial.o
                                                  build/obj/testbmk.o
                                                  build/obj/testqueues.o
chIQPutI                                          build/obj/chqueues.o
                                                  build/obj/serial.o
                                                  build/obj/testbmk.o
                                                  build/obj/testqueues.o
chIQReadTimeout                                   build/obj/chqueues.o
                                                  build/obj/serial.o
                                                  build/obj/testqueues.o
chIQResetI                                        build/obj/chqueues.o
                                                  build/obj/serial.o
                                                  build/obj/testqueues.o
chMBFetch                                         build/obj/chmboxes.o
                                                  build/obj/testmbox.o
chMBFetchI                                        build/obj/chmboxes.o
                                                  build/obj/testmbox.o
chMBFetchS                                        build/obj/chmboxes.o
chMBInit                                          build/obj/chmboxes.o
                                                  build/obj/testmbox.o
chMBPost                                          build/obj/chmboxes.o
                                                  build/obj/testmbox.o
chMBPostAhead                                     build/obj/chmboxes.o
                                                  build/obj/testmbox.o
chMBPostAheadI                                    build/obj/chmboxes.o
                                                  build/obj/testmbox.o
chMBPostAheadS                                    build/obj/chmboxes.o
chMBPostI                                         build/obj/chmboxes.o
                                                  build/obj/testmbox.o
chMBPostS                                         build/obj/chmboxes.o
chMBReset                                         build/obj/chmboxes.o
                                                  build/obj/testmbox.o
chMsgRelease                                      build/obj/chmsg.o
                                                  build/obj/testbmk.o
                                                  build/obj/testmsg.o
chMsgSend                                         build/obj/chmsg.o
                                                  build/obj/testbmk.o
                                                  build/obj/testmsg.o
chMsgWait                                         build/obj/chmsg.o
                                                  build/obj/testbmk.o
                                                  build/obj/testmsg.o
chMtxInit                                         build/obj/chmtx.o
                                                  build/obj/adc.o
                                                  build/obj/testbmk.o
                                                  build/obj/testmtx.o
                                                  build/obj/chheap.o
chMtxLock                                         build/obj/chmtx.o
                                                  build/obj/adc.o
                                                  build/obj/testbmk.o
                                                  build/obj/testmtx.o
                                                  build/obj/chheap.o
chMtxLockS                                        build/obj/chmtx.o
                                                  build/obj/chcond.o
chMtxTryLock                                      build/obj/chmtx.o
                                                  build/obj/testmtx.o
chMtxTryLockS                                     build/obj/chmtx.o
chMtxUnlock                                       build/obj/chmtx.o
                                                  build/obj/adc.o
                                                  build/obj/testbmk.o
                                                  build/obj/testmtx.o
                                                  build/obj/chheap.o
chMtxUnlockAll                                    build/obj/chmtx.o
                                                  build/obj/testmtx.o
chMtxUnlockS                                      build/obj/chmtx.o
                                                  build/obj/testmtx.o
                                                  build/obj/chcond.o
chOQGetI                                          build/obj/chqueues.o
                                                  build/obj/serial_lld.o
                                                  build/obj/serial.o
                                                  build/obj/testqueues.o
chOQInit                                          build/obj/chqueues.o
                                                  build/obj/serial.o
                                                  build/obj/testqueues.o
chOQPutTimeout                                    build/obj/chqueues.o
                                                  build/obj/serial.o
                                                  build/obj/testqueues.o
chOQResetI                                        build/obj/chqueues.o
                                                  build/obj/serial.o
                                                  build/obj/testqueues.o
chOQWriteTimeout                                  build/obj/chqueues.o
                                                  build/obj/serial.o
                                                  build/obj/testqueues.o
chPoolAlloc                                       build/obj/chmempools.o
                                                  build/obj/testdyn.o
                                                  build/obj/testpools.o
                                                  build/obj/chdynamic.o
chPoolAllocI                                      build/obj/chmempools.o
chPoolFree                                        build/obj/chmempools.o
                                                  build/obj/testdyn.o
                                                  build/obj/testpools.o
                                                  build/obj/chdynamic.o
chPoolFreeI                                       build/obj/chmempools.o
chPoolInit                                        build/obj/chmempools.o
                                                  build/obj/testdyn.o
                                                  build/obj/testpools.o
chPoolLoadArray                                   build/obj/chmempools.o
                                                  build/obj/testpools.o
chRegFirstThread                                  build/obj/chregistry.o
                                                  build/obj/testdyn.o
chRegNextThread                                   build/obj/chregistry.o
                                                  build/obj/testdyn.o
chSchDoReschedule                                 build/obj/chschd.o
                                                  build/obj/chcore_v6m.o
chSchDoRescheduleAhead                            build/obj/chschd.o
chSchDoRescheduleBehind                           build/obj/chschd.o
                                                  build/obj/chthreads.o
chSchGoSleepS                                     build/obj/chschd.o
                                                  build/obj/adc.o
                                                  build/obj/testbmk.o
                                                  build/obj/chmsg.o
                                                  build/obj/chevents.o
                                                  build/obj/chcond.o
                                                  build/obj/chmtx.o
                                                  build/obj/chsem.o
                                                  build/obj/chthreads.o
chSchGoSleepTimeoutS                              build/obj/chschd.o
                                                  build/obj/chqueues.o
                                                  build/obj/chevents.o
                                                  build/obj/chcond.o
                                                  build/obj/chsem.o
                                                  build/obj/chthreads.o
chSchReadyI                                       build/obj/chschd.o
                                                  build/obj/adc_lld.o
                                                  build/obj/adc.o
                                                  build/obj/chqueues.o
                                                  build/obj/chmsg.o
                                                  build/obj/chevents.o
                                                  build/obj/chcond.o
                                                  build/obj/chmtx.o
                                                  build/obj/chsem.o
                                                  build/obj/chthreads.o
chSchRescheduleS                                  build/obj/chschd.o
                                                  build/obj/serial.o
                                                  build/obj/testmtx.o
                                                  build/obj/testsem.o
                                                  build/obj/chmboxes.o
                                                  build/obj/chevents.o
                                                  build/obj/chcond.o
                                                  build/obj/chmtx.o
                                                  build/obj/chsem.o
                                                  build/obj/chthreads.o
chSchWakeupS                                      build/obj/chschd.o
                                                  build/obj/adc.o
                                                  build/obj/testbmk.o
                                                  build/obj/chmsg.o
                                                  build/obj/chcond.o
                                                  build/obj/chmtx.o
                                                  build/obj/chsem.o
                                                  build/obj/chdynamic.o
                                                  build/obj/chthreads.o
chSemAddCounterI                                  build/obj/chsem.o
                                                  build/obj/testsem.o
chSemInit                                         build/obj/chsem.o
                                                  build/obj/testbmk.o
                                                  build/obj/testsem.o
                                                  build/obj/chmboxes.o
chSemReset                                        build/obj/chsem.o
                                                  build/obj/testbmk.o
                                                  build/obj/testsem.o
chSemResetI                                       build/obj/chsem.o
                                                  build/obj/chmboxes.o
chSemSignal                                       build/obj/chsem.o
                                                  build/obj/testbmk.o
                                                  build/obj/testsem.o
chSemSignalI                                      build/obj/chsem.o
                                                  build/obj/testsem.o
                                                  build/obj/chmboxes.o
chSemSignalWait                                   build/obj/chsem.o
                                                  build/obj/testsem.o
chSemWait                                         build/obj/chsem.o
                                                  build/obj/testbmk.o
                                                  build/obj/testsem.o
chSemWaitS                                        build/obj/chsem.o
chSemWaitTimeout                                  build/obj/chsem.o
                                                  build/obj/testsem.o
chSemWaitTimeoutS                                 build/obj/chsem.o
                                                  build/obj/chmboxes.o
chSysInit                                         build/obj/chsys.o
                                                  build/obj/main.o
chSysTimerHandlerI                                build/obj/chsys.o
                                                  build/obj/chcore_v6m.o
chThdAddRef                                       build/obj/chdynamic.o
                                                  build/obj/testdyn.o
chThdCreateFromHeap                               build/obj/chdynamic.o
                                                  build/obj/shell.o
                                                  build/obj/testdyn.o
chThdCreateFromMemoryPool                         build/obj/chdynamic.o
                                                  build/obj/testdyn.o
chThdCreateI                                      build/obj/chthreads.o
                                                  build/obj/testthd.o
                                                  build/obj/chdynamic.o
chThdCreateStatic                                 build/obj/chthreads.o
                                                  build/obj/main.o
                                                  build/obj/cmd.o
                                                  build/obj/shell.o
                                                  build/obj/testbmk.o
                                                  build/obj/testqueues.o
                                                  build/obj/testevt.o
                                                  build/obj/testmsg.o
                                                  build/obj/testmtx.o
                                                  build/obj/testsem.o
                                                  build/obj/testthd.o
                                                  build/obj/chsys.o
chThdExit                                         build/obj/chthreads.o
                                                  build/obj/chcore_v6m.o